// Jest Snapshot v1, https://goo.gl/fbAQLP

exports[`ToDoTab.vue тестируем отрисовку компонента 1`] = `
<li class="">

</li>
`;
