// Jest Snapshot v1, https://goo.gl/fbAQLP

exports[`ToDoTitle.vue выводит корректный заголовок 1`] = `<h1>to do list</h1>`;
